(out='Non-registered tunable 'dummy'.')
(out='[ERROR] Unknown command <dummy>')
(out='Non-registered tunable 'dummy'.')
(out='[ERROR] Unknown command <dummy>')
